Microchip MPLAB XC8 Compiler V2.35

Linker command line:

-W-3 --edf=C:\Program Files\Microchip\xc8\v2.35\pic\dat\en_msgs.txt -cn \
  -h+dist/default/production\timingSystemSoft.X.production.sym \
  --cmf=dist/default/production\timingSystemSoft.X.production.cmf -z \
  -Q16F877A -oC:\Users\Admin\AppData\Local\Temp\xcAs8h0.4 \
  --defsym=__MPLAB_BUILD=1 \
  -Mdist/default/production/timingSystemSoft.X.production.map \
  --md=C:\Users\Admin\AppData\Local\Temp\xcAs8h0.dat -E1 -ver=XC8 Compiler \
  --acfsm=1493 -ACODE=00h-07FFhx4 -ASTRCODE=00h-01FFFh -ASTRING=00h-0FFhx32 \
  -ACONST=00h-0FFhx32 -AENTRY=00h-0FFhx32 -ACOMMON=070h-07Fh \
  -ABANK0=020h-06Fh -ABANK1=0A0h-0EFh -ABANK2=0110h-016Fh \
  -ABANK3=0190h-01EFh -ARAM=020h-06Fh,0A0h-0EFh,0110h-016Fh,0190h-01EFh \
  -AABS1=020h-07Fh,0A0h-0EFh,0110h-016Fh,0190h-01EFh -ASFR0=00h-01Fh \
  -ASFR1=080h-09Fh -ASFR2=0100h-010Fh -ASFR3=0180h-018Fh \
  -ACONFIG=02007h-02007h -DCONFIG=2 -AIDLOC=02000h-02003h -DIDLOC=2 \
  -AEEDATA=00h-0FFh/02100h -peeprom_data=EEDATA -DEEDATA=2 -DCODE=2 \
  -DSTRCODE=2 -DSTRING=2 -DCONST=2 -DENTRY=2 \
  -preset_vec=00h,intentry=04h,init,end_init -ppowerup=CODE -pcinit=CODE \
  -pfunctab=ENTRY -k C:\Users\Admin\AppData\Local\Temp\xcAs8h0.o \
  dist/default/production\timingSystemSoft.X.production.o 

Object code version is 3.11

Machine type is 16F877A



                Name                               Link     Load   Length Selector   Space Scale
C:\Users\Admin\AppData\Local\Temp\xcAs8h0.o
                end_init                              C        C        3        8       0
                reset_vec                             0        0        3        0       0
                config                             2007     2007        1        0       4
dist/default/production\timingSystemSoft.X.production.o
                cinit                                 F        F        F        8       0
                intentry                              4        4        8        8       0
                config                             2007     2007        1        0       4
                text16                              442      442       30      884       0
                text15                              472      472       2B      884       0
                text14                              50E      50E       22      884       0
                text13                              54B      54B       1A      884       0
                text12                              577      577        D      884       0
                text11                              2A2      2A2       5E        8       0
                text10                              300      300       58        8       0
                text9                               3D8      3D8       39        8       0
                text8                               4E9      4E9       25      884       0
                text7                               358      358       44        8       0
                text6                               39C      39C       3C        8       0
                text5                               4C4      4C4       25      884       0
                text4                               565      565       12      884       0
                text3                                1E       1E      1D4        8       0
                text2                               49D      49D       27      884       0
                text1                               530      530       1B      884       0
                maintext                            1F2      1F2       B0        8       0
                cstackBANK0                          20       20       1D       20       1
                cstackCOMMON                         70       70        A       70       1
                clrtext                             584      584        8      884       0
                bssBANK0                             3D       3D       12       20       1
                bssCOMMON                            7A       7A        2       70       1
                strings                             411      411       31      822       0

TOTAL           Name                               Link     Load   Length     Space
        CLASS   CODE           
                end_init                              C        C        3         0
                cinit                                 F        F        F         0
                intentry                              4        4        8         0
                reset_vec                             0        0        3         0
                text16                              442      442       30         0
                text15                              472      472       2B         0
                text14                              50E      50E       22         0
                text13                              54B      54B       1A         0
                text12                              577      577        D         0
                text11                              2A2      2A2       5E         0
                text10                              300      300       58         0
                text9                               3D8      3D8       39         0
                text8                               4E9      4E9       25         0
                text7                               358      358       44         0
                text6                               39C      39C       3C         0
                text5                               4C4      4C4       25         0
                text4                               565      565       12         0
                text3                                1E       1E      1D4         0
                text2                               49D      49D       27         0
                text1                               530      530       1B         0
                maintext                            1F2      1F2       B0         0
                clrtext                             584      584        8         0

        CLASS   STRCODE        

        CLASS   STRING         
                strings                             411      411       31         0

        CLASS   CONST          

        CLASS   ENTRY          

        CLASS   COMMON         
                cstackCOMMON                         70       70        A         1
                bssCOMMON                            7A       7A        2         1

        CLASS   BANK0          
                cstackBANK0                          20       20       1D         1
                bssBANK0                             3D       3D       12         1

        CLASS   BANK1          

        CLASS   BANK2          

        CLASS   BANK3          

        CLASS   RAM            

        CLASS   ABS1           
                abs_s1                               7E       7E        2         1

        CLASS   SFR0           

        CLASS   SFR1           

        CLASS   SFR2           

        CLASS   SFR3           

        CLASS   CONFIG         
                config                             2007     2007        1         4

        CLASS   IDLOC          

        CLASS   EEDATA         

        CLASS   STACK          



SEGMENTS        Name                           Load    Length   Top    Selector   Space  Class     Delta

                reset_vec                      000000  000003  000003         0       0  CODE        2
                intentry                       000004  00040D  000411         8       0  CODE        2
                cstackBANK0                    000020  00002F  00004F        20       1  BANK0       1
                cstackCOMMON                   000070  00000C  00007C        70       1  COMMON      1
                strings                        000411  000031  000442       822       0  STRING      2
                text16                         000442  00014A  00058C       884       0  CODE        2


UNUSED ADDRESS RANGES

        Name                Unused          Largest block    Delta
        BANK0            004F-006F             21           1
        BANK1            00A0-00EF             50           1
        BANK2            0110-016F             60           1
        BANK3            0190-01EF             60           1
        CODE             0003-0003              1           2
                         058C-1FFF            800
        COMMON           007C-007D              2           1
        CONST            0003-0003              1           2
                         058C-1FFF            100
        EEDATA           2100-21FF            100           2
        ENTRY            0003-0003              1           2
                         058C-1FFF            100
        IDLOC            2000-2003              4           2
        RAM              004F-006F             21           1
                         00A0-00EF             50
                         0110-016F             60
                         0190-01EF             60
        SFR0             0000-001F             20           1
        SFR1             0080-009F             20           1
        SFR2             0100-010F             10           1
        SFR3             0180-018F             10           1
        STRCODE          0003-0003              1           2
                         058C-1FFF           1A74
        STRING           0003-0003              1           2
                         058C-1FFF            100

                                  Symbol Table

?___lwdiv                 cstackCOMMON 0072
?___lwmod                 cstackBANK0  0020
?___wmul                  cstackCOMMON 0072
?_sprintf                 cstackBANK0  0026
Lcd_Cmd@a                 cstackCOMMON 0075
Lcd_Port@a                cstackCOMMON 0072
Lcd_Set_Cursor@a          cstackBANK0  0020
Lcd_Set_Cursor@b          cstackCOMMON 0076
Lcd_Set_Cursor@temp       cstackBANK0  0023
Lcd_Set_Cursor@y          cstackBANK0  0022
Lcd_Set_Cursor@z          cstackBANK0  0021
Lcd_Write_Char@a          cstackCOMMON 0076
Lcd_Write_Char@temp       cstackCOMMON 0074
Lcd_Write_Char@y          cstackCOMMON 0075
Lcd_Write_String@a        cstackBANK0  0022
Lcd_Write_String@i        cstackBANK0  0020
_ADCON0bits               (abs)        001F
_ADCON1bits               (abs)        009F
_ADRESH                   (abs)        001E
_ADRESL                   (abs)        009E
_ContaSegundos            text15       0472
_INTCONbits               (abs)        000B
_Lcd_Clear                text12       0577
_Lcd_Cmd                  text13       054B
_Lcd_Init                 text11       02A2
_Lcd_Port                 text14       050E
_Lcd_Set_Cursor           text10       0300
_Lcd_Write_Char           text9        03D8
_Lcd_Write_String         text8        04E9
_OPTION_REGbits           (abs)        0081
_PIE1bits                 (abs)        008C
_PIR1bits                 (abs)        000C
_RB0                      (abs)        0030
_RB1                      (abs)        0031
_RB2                      (abs)        0032
_RC0                      (abs)        0038
_RC2                      (abs)        003A
_RC3                      (abs)        003B
_RD2                      (abs)        0042
_RD3                      (abs)        0043
_RD4                      (abs)        0044
_RD5                      (abs)        0045
_RD6                      (abs)        0046
_RD7                      (abs)        0047
_T1CONbits                (abs)        0010
_TMR1H                    (abs)        000F
_TMR1IF                   (abs)        0060
_TMR1L                    (abs)        000E
_TMR1ON                   (abs)        0080
_TRISB                    (abs)        0086
_TRISC                    (abs)        0087
_TRISD                    (abs)        0088
__Habs1                   abs1         0000
__Hbank0                  bank0        0000
__Hbank1                  bank1        0000
__Hbank2                  bank2        0000
__Hbank3                  bank3        0000
__HbssBANK0               bssBANK0     0000
__HbssCOMMON              bssCOMMON    0000
__Hcinit                  cinit        001E
__Hclrtext                clrtext      0000
__Hcode                   code         0000
__Hcommon                 common       0000
__Hconfig                 config       2008
__HcstackBANK0            cstackBANK0  0000
__HcstackCOMMON           cstackCOMMON 0000
__Heeprom_data            eeprom_data  0000
__Hend_init               end_init     000F
__Hfunctab                functab      0000
__Hinit                   init         000C
__Hintentry               intentry     000C
__Hmaintext               maintext     0000
__Hpowerup                powerup      0000
__Hram                    ram          0000
__Hreset_vec              reset_vec    0003
__Hsfr0                   sfr0         0000
__Hsfr1                   sfr1         0000
__Hsfr2                   sfr2         0000
__Hsfr3                   sfr3         0000
__Hspace_0                (abs)        058C
__Hspace_1                (abs)        007C
__Hspace_2                (abs)        0000
__Hspace_3                (abs)        0000
__Hspace_4                (abs)        400F
__Hstack                  stack        0000
__Hstrings                strings      0000
__Htext                   text         0000
__Labs1                   abs1         0000
__Lbank0                  bank0        0000
__Lbank1                  bank1        0000
__Lbank2                  bank2        0000
__Lbank3                  bank3        0000
__LbssBANK0               bssBANK0     0000
__LbssCOMMON              bssCOMMON    0000
__Lcinit                  cinit        000F
__Lclrtext                clrtext      0000
__Lcode                   code         0000
__Lcommon                 common       0000
__Lconfig                 config       0000
__LcstackBANK0            cstackBANK0  0000
__LcstackCOMMON           cstackCOMMON 0000
__Leeprom_data            eeprom_data  0000
__Lend_init               end_init     000C
__Lfunctab                functab      0000
__Linit                   init         000C
__Lintentry               intentry     0004
__Lmaintext               maintext     0000
__Lpowerup                powerup      0000
__Lram                    ram          0000
__Lreset_vec              reset_vec    0000
__Lsfr0                   sfr0         0000
__Lsfr1                   sfr1         0000
__Lsfr2                   sfr2         0000
__Lsfr3                   sfr3         0000
__Lspace_0                (abs)        0000
__Lspace_1                (abs)        0000
__Lspace_2                (abs)        0000
__Lspace_3                (abs)        0000
__Lspace_4                (abs)        0000
__Lstack                  stack        0000
__Lstrings                strings      0000
__Ltext                   text         0000
__S0                      (abs)        058C
__S1                      (abs)        007C
__S3                      (abs)        0000
___int_sp                 stack        0000
___latbits                (abs)        0002
___lwdiv                  text7        0358
___lwdiv@counter          cstackCOMMON 0079
___lwdiv@dividend         cstackCOMMON 0074
___lwdiv@divisor          cstackCOMMON 0072
___lwdiv@quotient         cstackCOMMON 0077
___lwmod                  text6        039C
___lwmod@counter          cstackBANK0  0025
___lwmod@dividend         cstackBANK0  0022
___lwmod@divisor          cstackBANK0  0020
___sp                     stack        0000
___stackhi                (abs)        0000
___stacklo                (abs)        0000
___wmul                   text5        04C4
___wmul@multiplicand      cstackCOMMON 0074
___wmul@multiplier        cstackCOMMON 0072
___wmul@product           cstackCOMMON 0076
__end_of_ContaSegundos    text15       049D
__end_of_Lcd_Clear        text12       0584
__end_of_Lcd_Cmd          text13       0565
__end_of_Lcd_Init         text11       0300
__end_of_Lcd_Port         text14       0530
__end_of_Lcd_Set_Cursor   text10       0358
__end_of_Lcd_Write_Char   text9        0411
__end_of_Lcd_Write_String text8        050E
__end_of___lwdiv          text7        039C
__end_of___lwmod          text6        03D8
__end_of___wmul           text5        04E9
__end_of__initialization  cinit        001A
__end_of__stringtab       strings      0417
__end_of_cronometro       text16       0472
__end_of_dpowers          strings      0421
__end_of_isdigit          text4        0577
__end_of_main             maintext     02A2
__end_of_setCronometro    text2        04C4
__end_of_setDQ            text1        054B
__end_of_sprintf          text3        01F2
__initialization          cinit        000F
__pbssBANK0               bssBANK0     003D
__pbssCOMMON              bssCOMMON    007A
__pcstackBANK0            cstackBANK0  0020
__pcstackCOMMON           cstackCOMMON 0070
__pintentry               intentry     0004
__pmaintext               maintext     01F2
__pstrings                strings      0411
__ptext1                  text1        0530
__ptext10                 text10       0300
__ptext11                 text11       02A2
__ptext12                 text12       0577
__ptext13                 text13       054B
__ptext14                 text14       050E
__ptext15                 text15       0472
__ptext16                 text16       0442
__ptext2                  text2        049D
__ptext3                  text3        001E
__ptext4                  text4        0565
__ptext5                  text5        04C4
__ptext6                  text6        039C
__ptext7                  text7        0358
__ptext8                  text8        04E9
__ptext9                  text9        03D8
__stringbase              strings      0416
__stringtab               strings      0411
_buffer                   bssBANK0     0045
_centesimos               bssBANK0     003F
_contador                 bssCOMMON    007A
_cronometro               text16       0442
_dpowers                  strings      0417
_isdigit                  text4        0565
_isdigit$834              cstackCOMMON 0072
_main                     maintext     01F2
_minutos                  bssBANK0     0043
_segundos                 bssBANK0     0041
_setCronometro            text2        049D
_setDQ                    text1        0530
_sprintf                  text3        001E
_valor                    bssBANK0     003D
btemp                     (abs)        007E
clear_ram0                clrtext      0584
end_of_initialization     cinit        001A
interrupt_function        intentry     0004
intlevel0                 functab      0000
intlevel1                 functab      0000
intlevel2                 functab      0000
intlevel3                 functab      0000
intlevel4                 functab      0000
intlevel5                 functab      0000
isdigit@c                 cstackCOMMON 0073
reset_vec                 reset_vec    0000
saved_w                   (abs)        007E
sprintf@ap                cstackBANK0  0030
sprintf@c                 cstackBANK0  0038
sprintf@f                 cstackBANK0  0026
sprintf@flag              cstackBANK0  0034
sprintf@prec              cstackBANK0  0031
sprintf@sp                cstackBANK0  0037
sprintf@val               cstackBANK0  0032
sprintf@width             cstackBANK0  0035
start                     init         000C
start_initialization      cinit        000F
wtemp0                    (abs)        007E


MODULE INFORMATION

Module		Function		Class		Link	Load	Size
C:\Program Files\Microchip\xc8\v2.35\pic\sources\c90\common\lwdiv.c
		___lwdiv       		CODE           	0358	0000	68

C:\Program Files\Microchip\xc8\v2.35\pic\sources\c90\common\lwdiv.c estimated size: 68

./lcd.h
		_Lcd_Write_String		CODE           	04E9	0000	37
		_Lcd_Init      		CODE           	02A2	0000	94
		_Lcd_Write_Char		CODE           	03D8	0000	57
		_Lcd_Cmd       		CODE           	054B	0000	26
		_Lcd_Set_Cursor		CODE           	0300	0000	88
		_Lcd_Clear     		CODE           	0577	0000	13
		_Lcd_Port      		CODE           	050E	0000	34

./lcd.h estimated size: 349

C:\Program Files\Microchip\xc8\v2.35\pic\sources\c90\common\doprnt.c
		_sprintf       		CODE           	001E	0000	468

C:\Program Files\Microchip\xc8\v2.35\pic\sources\c90\common\doprnt.c estimated size: 468

shared
		__stringtab    		STRING         	0411	0000	6
		_dpowers       		STRING         	0417	0000	10
		__initialization		CODE           	000F	0000	11

shared estimated size: 27

C:\Program Files\Microchip\xc8\v2.35\pic\sources\c90\common\Umul16.c
		___wmul        		CODE           	04C4	0000	37

C:\Program Files\Microchip\xc8\v2.35\pic\sources\c90\common\Umul16.c estimated size: 37

C:\Program Files\Microchip\xc8\v2.35\pic\sources\c90\common\lwmod.c
		___lwmod       		CODE           	039C	0000	60

C:\Program Files\Microchip\xc8\v2.35\pic\sources\c90\common\lwmod.c estimated size: 60

main.c
		_setDQ         		CODE           	0530	0000	27
		_main          		CODE           	01F2	0000	176
		_ContaSegundos 		CODE           	0472	0000	43
		_setCronometro 		CODE           	049D	0000	39
		_cronometro    		CODE           	0442	0000	48

main.c estimated size: 333

C:\Program Files\Microchip\xc8\v2.35\pic\sources\c90\common\isdigit.c
		_isdigit       		CODE           	0565	0000	18

C:\Program Files\Microchip\xc8\v2.35\pic\sources\c90\common\isdigit.c estimated size: 18

