Microchip MPLAB XC8 Compiler V2.35

Linker command line:

-W-3 --edf=C:\Program Files\Microchip\xc8\v2.35\pic\dat\en_msgs.txt -cn \
  -h+dist/default/production\timingSystemSoft.X.production.sym \
  --cmf=dist/default/production\timingSystemSoft.X.production.cmf -z \
  -Q16F877A -oC:\Users\Admin\AppData\Local\Temp\xcAs36c.4 \
  --defsym=__MPLAB_BUILD=1 \
  -Mdist/default/production/timingSystemSoft.X.production.map \
  --md=C:\Users\Admin\AppData\Local\Temp\xcAs36c.dat -E1 -ver=XC8 Compiler \
  --acfsm=1493 -ACODE=00h-07FFhx4 -ASTRCODE=00h-01FFFh -ASTRING=00h-0FFhx32 \
  -ACONST=00h-0FFhx32 -AENTRY=00h-0FFhx32 -ACOMMON=070h-07Fh \
  -ABANK0=020h-06Fh -ABANK1=0A0h-0EFh -ABANK2=0110h-016Fh \
  -ABANK3=0190h-01EFh -ARAM=020h-06Fh,0A0h-0EFh,0110h-016Fh,0190h-01EFh \
  -AABS1=020h-07Fh,0A0h-0EFh,0110h-016Fh,0190h-01EFh -ASFR0=00h-01Fh \
  -ASFR1=080h-09Fh -ASFR2=0100h-010Fh -ASFR3=0180h-018Fh \
  -ACONFIG=02007h-02007h -DCONFIG=2 -AIDLOC=02000h-02003h -DIDLOC=2 \
  -AEEDATA=00h-0FFh/02100h -peeprom_data=EEDATA -DEEDATA=2 -DCODE=2 \
  -DSTRCODE=2 -DSTRING=2 -DCONST=2 -DENTRY=2 \
  -preset_vec=00h,intentry=04h,init,end_init -ppowerup=CODE -pcinit=CODE \
  -pfunctab=ENTRY -k C:\Users\Admin\AppData\Local\Temp\xcAs36c.o \
  dist/default/production\timingSystemSoft.X.production.o 

Object code version is 3.11

Machine type is 16F877A



                Name                               Link     Load   Length Selector   Space Scale
C:\Users\Admin\AppData\Local\Temp\xcAs36c.o
                end_init                              C        C        3        8       0
                reset_vec                             0        0        3        0       0
                config                             2007     2007        1        0       4
dist/default/production\timingSystemSoft.X.production.o
                cinit                                 F        F        E        8       0
                intentry                              4        4        8        8       0
                config                             2007     2007        1        0       4
                text15                              3DE      3DE       30        8       0
                text14                              3A5      3A5       39        8       0
                text13                              481      481       22      86A       0
                text12                              4C4      4C4       1A      86A       0
                text11                              4F0      4F0        D      86A       0
                text10                              1F1      1F1       5E        8       0
                text9                               24F      24F       58        8       0
                text8                               36C      36C       39        8       0
                text7                               4A3      4A3       21      86A       0
                text6                               2EC      2EC       44        8       0
                text5                               330      330       3C        8       0
                text4                               45C      45C       25      86A       0
                text3                               4DE      4DE       12      86A       0
                text2                                1D       1D      1D4        8       0
                text1                               435      435       27      86A       0
                maintext                            2A7      2A7       45        8       0
                cstackBANK0                          20       20       1C       20       1
                cstackCOMMON                         70       70        B       70       1
                clrtext                             4FD      4FD        8      86A       0
                bssBANK0                             3C       3C       12       20       1
                bitbssCOMMON                        3D8       7B        1       70       1     8
                strings                             40E      40E       27      81C       0

TOTAL           Name                               Link     Load   Length     Space
        CLASS   CODE           
                end_init                              C        C        3         0
                cinit                                 F        F        E         0
                intentry                              4        4        8         0
                reset_vec                             0        0        3         0
                text15                              3DE      3DE       30         0
                text14                              3A5      3A5       39         0
                text13                              481      481       22         0
                text12                              4C4      4C4       1A         0
                text11                              4F0      4F0        D         0
                text10                              1F1      1F1       5E         0
                text9                               24F      24F       58         0
                text8                               36C      36C       39         0
                text7                               4A3      4A3       21         0
                text6                               2EC      2EC       44         0
                text5                               330      330       3C         0
                text4                               45C      45C       25         0
                text3                               4DE      4DE       12         0
                text2                                1D       1D      1D4         0
                text1                               435      435       27         0
                maintext                            2A7      2A7       45         0
                clrtext                             4FD      4FD        8         0

        CLASS   STRCODE        

        CLASS   STRING         
                strings                             40E      40E       27         0

        CLASS   CONST          

        CLASS   ENTRY          

        CLASS   COMMON         
                cstackCOMMON                         70       70        B         1
                bitbssCOMMON                        3D8       7B        1         1

        CLASS   BANK0          
                cstackBANK0                          20       20       1C         1
                bssBANK0                             3C       3C       12         1

        CLASS   BANK1          

        CLASS   BANK2          

        CLASS   BANK3          

        CLASS   RAM            

        CLASS   ABS1           
                abs_s1                               7E       7E        2         1

        CLASS   SFR0           

        CLASS   SFR1           

        CLASS   SFR2           

        CLASS   SFR3           

        CLASS   CONFIG         
                config                             2007     2007        1         4

        CLASS   IDLOC          

        CLASS   EEDATA         

        CLASS   STACK          



SEGMENTS        Name                           Load    Length   Top    Selector   Space  Class     Delta

                reset_vec                      000000  000003  000003         0       0  CODE        2
                intentry                       000004  00040A  00040E         8       0  CODE        2
                cstackBANK0                    000020  00002E  00004E        20       1  BANK0       1
                cstackCOMMON                   000070  00000C  00007C        70       1  COMMON      1
                strings                        00040E  000027  000435       81C       0  STRING      2
                text1                          000435  0000D0  000505       86A       0  CODE        2


UNUSED ADDRESS RANGES

        Name                Unused          Largest block    Delta
        BANK0            004E-006F             22           1
        BANK1            00A0-00EF             50           1
        BANK2            0110-016F             60           1
        BANK3            0190-01EF             60           1
        CODE             0003-0003              1           2
                         0505-1FFF            800
        COMMON           007C-007D              2           1
        CONST            0003-0003              1           2
                         0505-1FFF            100
        EEDATA           2100-21FF            100           2
        ENTRY            0003-0003              1           2
                         0505-1FFF            100
        IDLOC            2000-2003              4           2
        RAM              004E-006F             22           1
                         00A0-00EF             50
                         0110-016F             60
                         0190-01EF             60
        SFR0             0000-001F             20           1
        SFR1             0080-009F             20           1
        SFR2             0100-010F             10           1
        SFR3             0180-018F             10           1
        STRCODE          0003-0003              1           2
                         0505-1FFF           1AFB
        STRING           0003-0003              1           2
                         0505-1FFF            100

                                  Symbol Table

?___lwdiv                 cstackCOMMON 0072
?___lwmod                 cstackBANK0  0020
?___wmul                  cstackCOMMON 0072
?_sprintf                 cstackBANK0  0025
Lcd_Cmd@a                 cstackCOMMON 0075
Lcd_Port@a                cstackCOMMON 0072
Lcd_Set_Cursor@a          cstackBANK0  0020
Lcd_Set_Cursor@b          cstackCOMMON 0076
Lcd_Set_Cursor@temp       cstackBANK0  0023
Lcd_Set_Cursor@y          cstackBANK0  0022
Lcd_Set_Cursor@z          cstackBANK0  0021
Lcd_Write_Char@a          cstackCOMMON 0076
Lcd_Write_Char@temp       cstackCOMMON 0074
Lcd_Write_Char@y          cstackCOMMON 0075
Lcd_Write_String@a        cstackCOMMON 007A
Lcd_Write_String@i        cstackCOMMON 0078
_ContaSegundos            text14       03A5
_INTCONbits               (abs)        000B
_Lcd_Clear                text11       04F0
_Lcd_Cmd                  text12       04C4
_Lcd_Init                 text10       01F1
_Lcd_Port                 text13       0481
_Lcd_Set_Cursor           text9        024F
_Lcd_Write_Char           text8        036C
_Lcd_Write_String         text7        04A3
_OPTION_REGbits           (abs)        0081
_PIE1bits                 (abs)        008C
_PIR1bits                 (abs)        000C
_RB0                      (abs)        0030
_RC0                      (abs)        0038
_RC2                      (abs)        003A
_RC3                      (abs)        003B
_RD2                      (abs)        0042
_RD3                      (abs)        0043
_RD4                      (abs)        0044
_RD5                      (abs)        0045
_RD6                      (abs)        0046
_RD7                      (abs)        0047
_T1CONbits                (abs)        0010
_TMR1H                    (abs)        000F
_TMR1IF                   (abs)        0060
_TMR1L                    (abs)        000E
_TRISB                    (abs)        0086
_TRISC                    (abs)        0087
_TRISD                    (abs)        0088
__Habs1                   abs1         0000
__Hbank0                  bank0        0000
__Hbank1                  bank1        0000
__Hbank2                  bank2        0000
__Hbank3                  bank3        0000
__HbitbssCOMMON           bitbssCOMMON 0000
__HbssBANK0               bssBANK0     0000
__Hcinit                  cinit        001D
__Hclrtext                clrtext      0000
__Hcode                   code         0000
__Hcommon                 common       0000
__Hconfig                 config       2008
__HcstackBANK0            cstackBANK0  0000
__HcstackCOMMON           cstackCOMMON 0000
__Heeprom_data            eeprom_data  0000
__Hend_init               end_init     000F
__Hfunctab                functab      0000
__Hinit                   init         000C
__Hintentry               intentry     000C
__Hmaintext               maintext     0000
__Hpowerup                powerup      0000
__Hram                    ram          0000
__Hreset_vec              reset_vec    0003
__Hsfr0                   sfr0         0000
__Hsfr1                   sfr1         0000
__Hsfr2                   sfr2         0000
__Hsfr3                   sfr3         0000
__Hspace_0                (abs)        0505
__Hspace_1                (abs)        03D9
__Hspace_2                (abs)        0000
__Hspace_3                (abs)        0000
__Hspace_4                (abs)        400F
__Hstack                  stack        0000
__Hstrings                strings      0000
__Htext                   text         0000
__Labs1                   abs1         0000
__Lbank0                  bank0        0000
__Lbank1                  bank1        0000
__Lbank2                  bank2        0000
__Lbank3                  bank3        0000
__LbitbssCOMMON           bitbssCOMMON 0000
__LbssBANK0               bssBANK0     0000
__Lcinit                  cinit        000F
__Lclrtext                clrtext      0000
__Lcode                   code         0000
__Lcommon                 common       0000
__Lconfig                 config       0000
__LcstackBANK0            cstackBANK0  0000
__LcstackCOMMON           cstackCOMMON 0000
__Leeprom_data            eeprom_data  0000
__Lend_init               end_init     000C
__Lfunctab                functab      0000
__Linit                   init         000C
__Lintentry               intentry     0004
__Lmaintext               maintext     0000
__Lpowerup                powerup      0000
__Lram                    ram          0000
__Lreset_vec              reset_vec    0000
__Lsfr0                   sfr0         0000
__Lsfr1                   sfr1         0000
__Lsfr2                   sfr2         0000
__Lsfr3                   sfr3         0000
__Lspace_0                (abs)        0000
__Lspace_1                (abs)        0000
__Lspace_2                (abs)        0000
__Lspace_3                (abs)        0000
__Lspace_4                (abs)        0000
__Lstack                  stack        0000
__Lstrings                strings      0000
__Ltext                   text         0000
__S0                      (abs)        0505
__S1                      (abs)        007C
__S3                      (abs)        0000
___int_sp                 stack        0000
___latbits                (abs)        0002
___lwdiv                  text6        02EC
___lwdiv@counter          cstackCOMMON 0079
___lwdiv@dividend         cstackCOMMON 0074
___lwdiv@divisor          cstackCOMMON 0072
___lwdiv@quotient         cstackCOMMON 0077
___lwmod                  text5        0330
___lwmod@counter          cstackBANK0  0024
___lwmod@dividend         cstackBANK0  0022
___lwmod@divisor          cstackBANK0  0020
___sp                     stack        0000
___stackhi                (abs)        0000
___stacklo                (abs)        0000
___wmul                   text4        045C
___wmul@multiplicand      cstackCOMMON 0074
___wmul@multiplier        cstackCOMMON 0072
___wmul@product           cstackCOMMON 0076
__end_of_ContaSegundos    text14       03DE
__end_of_Lcd_Clear        text11       04FD
__end_of_Lcd_Cmd          text12       04DE
__end_of_Lcd_Init         text10       024F
__end_of_Lcd_Port         text13       04A3
__end_of_Lcd_Set_Cursor   text9        02A7
__end_of_Lcd_Write_Char   text8        03A5
__end_of_Lcd_Write_String text7        04C4
__end_of___lwdiv          text6        0330
__end_of___lwmod          text5        036C
__end_of___wmul           text4        0481
__end_of__initialization  cinit        0019
__end_of__stringtab       strings      0414
__end_of_cronometro       text15       040E
__end_of_dpowers          strings      041E
__end_of_isdigit          text3        04F0
__end_of_main             maintext     02EC
__end_of_setCronometro    text1        045C
__end_of_sprintf          text2        01F1
__initialization          cinit        000F
__pbitbssCOMMON           bitbssCOMMON 03D8
__pbssBANK0               bssBANK0     003C
__pcstackBANK0            cstackBANK0  0020
__pcstackCOMMON           cstackCOMMON 0070
__pintentry               intentry     0004
__pmaintext               maintext     02A7
__pstrings                strings      040E
__ptext1                  text1        0435
__ptext10                 text10       01F1
__ptext11                 text11       04F0
__ptext12                 text12       04C4
__ptext13                 text13       0481
__ptext14                 text14       03A5
__ptext15                 text15       03DE
__ptext2                  text2        001D
__ptext3                  text3        04DE
__ptext4                  text4        045C
__ptext5                  text5        0330
__ptext6                  text6        02EC
__ptext7                  text7        04A3
__ptext8                  text8        036C
__ptext9                  text9        024F
__stringbase              strings      0413
__stringtab               strings      040E
_buffer                   bssBANK0     0044
_centesimos               bssBANK0     003E
_contador                 bssBANK0     003C
_cronometro               text15       03DE
_dpowers                  strings      0414
_inverte                  bitbssCOMMON 03D8
_isdigit                  text3        04DE
_isdigit$733              cstackCOMMON 0072
_main                     maintext     02A7
_minutos                  bssBANK0     0042
_segundos                 bssBANK0     0040
_setCronometro            text1        0435
_sprintf                  text2        001D
btemp                     (abs)        007E
clear_ram0                clrtext      04FD
end_of_initialization     cinit        0019
interrupt_function        intentry     0004
intlevel0                 functab      0000
intlevel1                 functab      0000
intlevel2                 functab      0000
intlevel3                 functab      0000
intlevel4                 functab      0000
intlevel5                 functab      0000
isdigit@c                 cstackCOMMON 0073
reset_vec                 reset_vec    0000
saved_w                   (abs)        007E
sprintf@ap                cstackBANK0  002F
sprintf@c                 cstackBANK0  0037
sprintf@f                 cstackBANK0  0025
sprintf@flag              cstackBANK0  0033
sprintf@prec              cstackBANK0  0030
sprintf@sp                cstackBANK0  0036
sprintf@val               cstackBANK0  0031
sprintf@width             cstackBANK0  0034
start                     init         000C
start_initialization      cinit        000F
wtemp0                    (abs)        007E


MODULE INFORMATION

Module		Function		Class		Link	Load	Size
C:\Program Files\Microchip\xc8\v2.35\pic\sources\c90\common\lwdiv.c
		___lwdiv       		CODE           	02EC	0000	68

C:\Program Files\Microchip\xc8\v2.35\pic\sources\c90\common\lwdiv.c estimated size: 68

./lcd.h
		_Lcd_Write_String		CODE           	04A3	0000	33
		_Lcd_Init      		CODE           	01F1	0000	94
		_Lcd_Write_Char		CODE           	036C	0000	57
		_Lcd_Cmd       		CODE           	04C4	0000	26
		_Lcd_Set_Cursor		CODE           	024F	0000	88
		_Lcd_Clear     		CODE           	04F0	0000	13
		_Lcd_Port      		CODE           	0481	0000	34

./lcd.h estimated size: 345

C:\Program Files\Microchip\xc8\v2.35\pic\sources\c90\common\doprnt.c
		_sprintf       		CODE           	001D	0000	468

C:\Program Files\Microchip\xc8\v2.35\pic\sources\c90\common\doprnt.c estimated size: 468

shared
		__stringtab    		STRING         	040E	0000	6
		_dpowers       		STRING         	0414	0000	10
		__initialization		CODE           	000F	0000	10

shared estimated size: 26

C:\Program Files\Microchip\xc8\v2.35\pic\sources\c90\common\Umul16.c
		___wmul        		CODE           	045C	0000	37

C:\Program Files\Microchip\xc8\v2.35\pic\sources\c90\common\Umul16.c estimated size: 37

C:\Program Files\Microchip\xc8\v2.35\pic\sources\c90\common\lwmod.c
		___lwmod       		CODE           	0330	0000	60

C:\Program Files\Microchip\xc8\v2.35\pic\sources\c90\common\lwmod.c estimated size: 60

main.c
		_main          		CODE           	02A7	0000	69
		_ContaSegundos 		CODE           	03A5	0000	57
		_setCronometro 		CODE           	0435	0000	39
		_cronometro    		CODE           	03DE	0000	48

main.c estimated size: 213

C:\Program Files\Microchip\xc8\v2.35\pic\sources\c90\common\isdigit.c
		_isdigit       		CODE           	04DE	0000	18

C:\Program Files\Microchip\xc8\v2.35\pic\sources\c90\common\isdigit.c estimated size: 18

